Script started
Path added
GROQ_API_KEY loaded: False
After load_dotenv: True
Import successful
Calling LLM...
LLM result: {'G': 4, 'F': 3, 'P': 3, 'llm_classification': 'Moyen', 'causes': ['Cause 1: Insuffisance de ressources humaines qualifiées pour la réalisation des tests, ce qui peut entraîner des erreurs ou des omissions dans les processus de test.', "Cause 2: Défaut de planification et de gestion des tests, notamment en ce qui concerne la définition des objectifs, la sélection des cas de test et la mise en place d'un calendrier réaliste.", "Cause 3: Utilisation de technologies ou d'outils de test obsolètes ou inadéquats, ce qui peut limiter la capacité à détecter efficacement les erreurs ou les bogues dans le système ou le logiciel."], 'recommendations': ["Recommandation 1: Mettre en place un processus de formation continue pour les équipes de test, afin d'améliorer leurs compétences et leur connaissance des dernières technologies et méthodes de test.", "Recommandation 2: Élaborer un plan de test détaillé et réaliste, incluant la définition claire des objectifs, la sélection des cas de test pertinents et la mise en place d'un calendrier de test réaliste.", "Recommandation 3: Investir dans des outils et technologies de test modernes et adaptés aux besoins spécifiques du projet, afin d'améliorer l'efficacité et la précision des tests.", "Recommandation 4: Établir un processus de suivi et d'évaluation régulière des tests, afin d'identifier les domaines d'amélioration et de prendre des mesures correctives en conséquence."], 'justification': 'Les valeurs G, F et P ont été choisies en fonction de la nature du risque lié aux tests dans le secteur IT. La gravité (G) est de 4 car les erreurs ou les omissions dans les tests peuvent avoir des conséquences graves sur la qualité et la fiabilité du système ou du logiciel. La fréquence (F) est de 3 car les tests sont une étape cruciale du processus de développement et peuvent être répétés à plusieurs reprises. La probabilité (P) est de 3 car, même avec une planification et une exécution soigneuses, il existe toujours une probabilité que des erreurs ou des bogues soient détectés lors des tests.'}
Script finished
